---
source: crates/lowerer/tests/upstream_parser_policy.rs
expression: value
---
error: expected `}`
  ╭▸ comments_policy_3:2:8
  │
2 │ when { 1 /* multi-line
  ╰╴       ━ expected `}`
error: missing policy effect
  ╭▸ comments_policy_3:2:10
  │
2 │   when { 1 /* multi-line
  │ ┏━━━━━━━━━━┛
3 │ ┃ comment */d };
  ╰╴┗━━━━━━━━━━━━━━━┛ expected `permit` or `forbid`
