---
source: crates/lowerer/tests/upstream_parser_policy.rs
expression: value
---
error: expected `)`
  ╭▸ unclosed_strings_2:1:59
  │
1 │ permit (principal, action, resource == Photo::"mine.jpg);
  ╰╴                                                         ━ expected `)`
error: expected `;`
  ╭▸ unclosed_strings_2:1:59
  │
1 │ permit (principal, action, resource == Photo::"mine.jpg);
  ╰╴                                                         ━ expected `;`
error: unexpected expression
  ╭▸ unclosed_strings_2:1:40
  │
1 │ permit (principal, action, resource == Photo::"mine.jpg);
  ╰╴                                       ━━━━━━━━━━━━━━━━━━ expected an entity reference or slot
