---
source: crates/lowerer/tests/upstream_parser_policy.rs
expression: value
---
error: expected `)`
  ╭▸ test:1:9
  │
1 │ permit (principal, action, !)
  ╰╴        ━━━━━━━━━ expected `)`
error: unexpected token
  ╭▸ test:1:28
  │
1 │   permit (principal, action, !)
  │ ┏━━━━━━━━━━━━━━━━━━━━━━━━━━━━┛
2 │ ┃ when { principal.foo == resource.bar };
3 │ ┃
4 │ ┃ permit (principal, action, resource);
  ╰╴┗━┛ unexpected token
