---
source: crates/lowerer/tests/upstream_parser_policy.rs
expression: value
---
error: expected `)`
  ╭▸ variable6:1:18
  │
1 │ permit (var : in 6, action, resource);
  ╰╴                 ━ expected `)`
error: expected `;`
  ╭▸ variable6:1:18
  │
1 │ permit (var : in 6, action, resource);
  ╰╴                 ━ expected `;`
error: unexpected token
  ╭▸ variable6:1:18
  │
1 │ permit (var : in 6, action, resource);
  ╰╴                 ━━━━━━━━━━━━━━━━━━━━━ unexpected token
error: expected `;`
  ╭▸ variable6:1:40
  │
1 │ permit (var : in 6, action, resource);
  ╰╴                                      ━ expected `;`
error: expected `)`
  ╭▸ variable6:1:9
  │
1 │ permit (var : in 6, action, resource);
  ╰╴        ━━━ expected `)`
error: missing policy effect
  ╭▸ variable6:1:18
  │
1 │ permit (var : in 6, action, resource);
  ╰╴                 ━━━━━━━━━━━━━━━━━━━━━ expected `permit` or `forbid`
