---
source: crates/lowerer/tests/upstream_parser_policy.rs
expression: value
---
error: expected `)`
  ╭▸ policies2:5:5
  │
5 │     context:Group
  ╰╴    ━ expected `)`
error: expected `;`
  ╭▸ policies2:5:5
  │
5 │     context:Group
  ╰╴    ━ expected `;`
error: unexpected token
  ╭▸ policies2:5:5
  │
5 │ ┏     context:Group
6 │ ┃ );
  ╰╴┗━━━┛ unexpected token
error: expected `;`
  ╭▸ policies2:6:4
  │
6 │ );
  ╰╴  ━ expected `;`
error: missing policy effect
  ╭▸ policies2:5:5
  │
5 │ ┏     context:Group
6 │ ┃ );
  ╰╴┗━━━┛ expected `permit` or `forbid`
