---
source: crates/lowerer/tests/upstream_parser_policy.rs
expression: value
---
error: invalid key
  ╭▸ member8:3:6
  │
3 │     {2: true, 4: me}.with["pizza"]
  ╰╴     ━━━━━━━ expected a name or string
error: invalid key
  ╭▸ member8:3:15
  │
3 │     {2: true, 4: me}.with["pizza"]
  ╰╴              ━━━━━ expected a name or string
error: indexing is not supported
  ╭▸ member8:3:26
  │
3 │       {2: true, 4: me}.with["pizza"]
  │ ┏━━━━━━━━━━━━━━━━━━━━━━━━━━┛
4 │ ┃ };
  │ ┗━┛ not supported
  ╰╴
note: use `has` and `.` instead
