---
source: crates/lowerer/tests/upstream_parser_policy.rs
expression: root
---
policies 0..71
╰─ policy 0..71
   ├─ permit 0..6
   ├─ whitespace 6..7
   ├─ scope 7..37
   │  ├─ ( 7..8
   │  ├─ variable definition 8..17
   │  │  ╰─ principal 8..17
   │  ├─ , 17..18
   │  ├─ whitespace 18..19
   │  ├─ variable definition 19..25
   │  │  ╰─ action 19..25
   │  ├─ , 25..26
   │  ├─ whitespace 26..27
   │  ├─ variable definition 27..35
   │  │  ╰─ resource 27..35
   │  ├─ ) 35..36
   │  ╰─ whitespace 36..37
   ├─ condition 37..69
   │  ├─ when 37..41
   │  ├─ whitespace 41..42
   │  ├─ { 42..43
   │  ├─ whitespace 43..48
   │  ├─ has expression 48..68
   │  │  ├─ name 48..58
   │  │  │  ├─ principal 48..57
   │  │  │  ╰─ whitespace 57..58
   │  │  ├─ has 58..61
   │  │  ├─ whitespace 61..62
   │  │  ╰─ member expression 62..68
   │  │     ├─ name 62..63
   │  │     │  ╰─ identifier 62..63
   │  │     ╰─ method call 63..68
   │  │        ├─ . 63..64
   │  │        ├─ ( 64..65
   │  │        ├─ arguments 65..66
   │  │        │  ╰─ name 65..66
   │  │        │     ╰─ identifier 65..66
   │  │        ├─ ) 66..67
   │  │        ╰─ whitespace 67..68
   │  ╰─ } 68..69
   ├─ ; 69..70
   ╰─ whitespace 70..71
