---
source: crates/lowerer/tests/upstream_parser_policy.rs
expression: value
---
error: expected string
  ╭▸ policy_annotations_bad_val_3:1:17
  │
1 │ @bad_annotation(bad_annotation)
  ╰╴                ━ expected string
error: expected `)`
  ╭▸ policy_annotations_bad_val_3:1:17
  │
1 │ @bad_annotation(bad_annotation)
  ╰╴                ━ expected `)`
error: expected `;`
  ╭▸ policy_annotations_bad_val_3:1:17
  │
1 │ @bad_annotation(bad_annotation)
  ╰╴                ━ expected `;`
error: unexpected token
  ╭▸ policy_annotations_bad_val_3:1:17
  │
1 │   @bad_annotation(bad_annotation)
  │ ┏━━━━━━━━━━━━━━━━━┛
2 │ ┃ permit (principal, action, resource);
  ╰╴┗━┛ unexpected token
error: missing policy effect
  ╭▸ policy_annotations_bad_val_3:1:1
  │
1 │ @bad_annotation(bad_annotation)
  ╰╴━━━━━━━━━━━━━━━━ expected `permit` or `forbid`
