---
source: crates/lowerer/tests/upstream_parser_policy.rs
expression: value
---
error: single-quoted strings are not supported
  ╭▸ single_quote_string_2:1:47
  │
1 │ permit (principal, action, resource == Photo::'mine.jpg');
  │                                               ━━━━━━━━━━
  ╰╴
help: use double quotes for strings
error: missing expression
  ╭▸ single_quote_string_2:1:40
  │
1 │ permit (principal, action, resource == Photo::'mine.jpg');
  ╰╴                                       ━━━━━━━ expected an entity reference or slot
