---
source: crates/lowerer/tests/upstream_parser_policy.rs
expression: value
---
error: single-quoted strings are not supported
  ╭▸ single_quote_string_1:3:21
  │
3 │     principal.foo = 'bar'
  │                     ━━━━━
  ╰╴
help: use double quotes for strings
error: invalid operator `=`
  ╭▸ single_quote_string_1:3:19
  │
3 │     principal.foo = 'bar'
  │                   ━
  ╰╴
help: use `==` for equality
  ╭╴
3 │     principal.foo == 'bar'
  ╰╴                   +
