---
source: crates/lowerer/tests/upstream_parser_policy.rs
expression: value
---
error: unexpected token
  ╭▸ ident3_5:2:10
  │
2 │ when { if::true::then::false::else::true };
  ╰╴         ━━━━━━━━━━━━━━━━━━━━━━━━━━━━━━━
error: missing expression
  ╭▸ ident3_5:2:8
  │
2 │ when { if::true::then::false::else::true };
  ╰╴       ━━━━━━━━━━━━━━━━━━━━━━━━━━━━━━━━━━ expected expression after `if`
