---
source: crates/lowerer/tests/upstream_parser_policy.rs
expression: value
---
error: block comments are not supported
  ╭▸ comments_policy_3:2:10
  │
2 │ when { 1 /* multi-line
  │          ── opened here
3 │ comment */d };
  │         ── closed here
  ╰╴
help: use `//` for comments
error: unexpected token
  ╭▸ comments_policy_3:3:11
  │
3 │ comment */d };
  ╰╴          ━
