---
source: crates/lowerer/tests/upstream_parser_policy.rs
expression: value
---
Policies [0, 65)
└─Policy [0, 65)
  ├─PermitKeyword "permit" [0, 6)
  ├─Whitespace " " [6, 7)
  ├─OpenParenthesis "(" [7, 8)
  ├─VariableDefinition [8, 44)
  │ ├─Error [8, 35)
  │ │ ├─At "@" [8, 9)
  │ │ ├─Identifier "comment" [9, 16)
  │ │ ├─OpenParenthesis "(" [16, 17)
  │ │ ├─String "\"your name here\"" [17, 33)
  │ │ ├─CloseParenthesis ")" [33, 34)
  │ │ └─Whitespace " " [34, 35)
  │ └─PrincipalKeyword "principal" [35, 44)
  ├─Comma "," [44, 45)
  ├─Whitespace " " [45, 46)
  ├─VariableDefinition [46, 52)
  │ └─ActionKeyword "action" [46, 52)
  ├─Comma "," [52, 53)
  ├─Whitespace " " [53, 54)
  ├─VariableDefinition [54, 62)
  │ └─ResourceKeyword "resource" [54, 62)
  ├─CloseParenthesis ")" [62, 63)
  ├─Semicolon ";" [63, 64)
  └─Whitespace "\n" [64, 65)
