---
source: crates/lowerer/tests/upstream_parser_policy.rs
expression: value
---
error: unexpected token
  ╭▸ comments_policy_2:1:1
  │
1 │ ┏ /* multi-line
2 │ ┃ comment */
3 │ ┃ permit (principal, action, resource)
  ╰╴┗━┛ unexpected token
error: unexpected token
  ╭▸ comments_policy_2:1:1
  │
1 │ ┏ /* multi-line
2 │ ┃ comment */
3 │ ┃ permit (principal, action, resource)
  ╰╴┗━┛ unexpected token
error: unknown variable `one`
  ╭▸ comments_policy_2:5:5
  │
5 │     one.two
  │     ━━━ not a valid variable
  ╰╴
note: `principal`, `action`, `resource`, and `context` are the only variables
