---
source: crates/lowerer/tests/upstream_parser_policy.rs
expression: value
---
error: unterminated string literal
  ╭▸ unclosed_strings_1:3:21
  │
3 │     principal.foo = "bar
  ╰╴                    ━━━━ missing closing `"`
error: invalid operator `=`
  ╭▸ unclosed_strings_1:3:19
  │
3 │     principal.foo = "bar
  │                   ━
  ╰╴
help: use `==` for equality
  ╭╴
3 │     principal.foo == "bar
  ╰╴                   +
