---
source: crates/lowerer/tests/upstream_parser_policy.rs
expression: value
---
error: block comments are not supported
  ╭▸ comments_policy_2:1:1
  │
1 │ /* multi-line
  │ ── opened here
2 │ comment */
  │         ── closed here
  ╰╴
help: use `//` for comments
error: unknown variable `one`
  ╭▸ comments_policy_2:5:5
  │
5 │     one.two
  │     ━━━
  ╰╴
note: `principal`, `action`, `resource`, and `context` are the only variables
