---
source: crates/lowerer/tests/upstream_parser_policy.rs
expression: value
---
error: missing policy effect
  ╭▸ test:1:1
  │
1 │ @bad-annotation("bad")
  ╰╴━━━━ expected `permit` or `forbid`
error: unexpected token
  ╭▸ test:1:5
  │
1 │   @bad-annotation("bad")
  │ ┏━━━━━┛
2 │ ┃ permit (principal, action, resource);
  ╰╴┗━┛ unexpected token
