---
source: crates/lowerer/tests/upstream_parser_policy.rs
expression: value
---
Policies 0..71
└─Policy 0..71
  ├─PermitKeyword "permit" 0..6
  ├─Whitespace " " 6..7
  ├─OpenParenthesis "(" 7..8
  ├─VariableDefinition 8..17
  │ └─PrincipalKeyword "principal" 8..17
  ├─Comma "," 17..18
  ├─Whitespace " " 18..19
  ├─VariableDefinition 19..25
  │ └─ActionKeyword "action" 19..25
  ├─Comma "," 25..26
  ├─Whitespace " " 26..27
  ├─VariableDefinition 27..35
  │ └─ResourceKeyword "resource" 27..35
  ├─CloseParenthesis ")" 35..36
  ├─Newline "\n" 36..37
  ├─Condition 37..69
  │ ├─WhenKeyword "when" 37..41
  │ ├─Whitespace " " 41..42
  │ ├─OpenBrace "{" 42..43
  │ ├─Newline "\n" 43..44
  │ ├─Whitespace "    " 44..48
  │ ├─HasExpression 48..68
  │ │ ├─Name 48..58
  │ │ │ ├─PrincipalKeyword "principal" 48..57
  │ │ │ └─Whitespace " " 57..58
  │ │ ├─HasKeyword "has" 58..61
  │ │ ├─Whitespace " " 61..62
  │ │ └─MemberExpression 62..68
  │ │   ├─Name 62..63
  │ │   │ └─Identifier "a" 62..63
  │ │   └─Call 63..68
  │ │     ├─Dot "." 63..64
  │ │     ├─OpenParenthesis "(" 64..65
  │ │     ├─Arguments 65..66
  │ │     │ └─Name 65..66
  │ │     │   └─Identifier "b" 65..66
  │ │     ├─CloseParenthesis ")" 66..67
  │ │     └─Newline "\n" 67..68
  │ └─CloseBrace "}" 68..69
  ├─Semicolon ";" 69..70
  └─Newline "\n" 70..71
