---
source: crates/lowerer/tests/upstream_parser_policy.rs
expression: value
---
error: expected `}`
  ╭▸ test:3:5
  │
3 │     principal has a.1
  ╰╴    ━━━━━━━━━ expected `}`
error: missing expression
  ╭▸ test:3:19
  │
3 │     principal has a.1
  ╰╴                  ━━ expected an attribute name
error: missing policy effect
  ╭▸ test:3:21
  │
3 │       principal has a.1
  │ ┏━━━━━━━━━━━━━━━━━━━━━┛
4 │ ┃ };
  ╰╴┗━━━┛ expected `permit` or `forbid`
