---
source: crates/lowerer/tests/upstream_parser_policy.rs
expression: value
---
error: expected a string literal
  ╭▸ unclosed_strings_4:1:5
  │
1 │ @id("0)
  ╰╴    ━━━
error: expected `)`
  ╭▸ unclosed_strings_4:1:5
  │
1 │ @id("0)
  ╰╴    ━━━
error: invalid operator `=`
  ╭▸ unclosed_strings_4:4:19
  │
4 │     principal.foo = "bar"
  │                   ━
  ╰╴
help: use `==` for equality
  ╭╴
4 │     principal.foo == "bar"
  ╰╴                   +
