---
source: crates/lowerer/tests/upstream_parser_policy.rs
expression: value
---
error: expected `)`
  ╭▸ test:1:17
  │
1 │ @bad_annotation(bad_annotation)
  ╰╴                ━ expected `)`
error: missing policy effect
  ╭▸ test:1:1
  │
1 │ @bad_annotation(bad_annotation)
  ╰╴━━━━━━━━━━━━━━━━ expected `permit` or `forbid`
error: unexpected token
  ╭▸ test:1:17
  │
1 │   @bad_annotation(bad_annotation)
  │ ┏━━━━━━━━━━━━━━━━━┛
2 │ ┃ permit (principal, action, resource);
  ╰╴┗━┛ unexpected token
