---
source: crates/lowerer/tests/upstream_parser_policy.rs
expression: value
---
Policies [0, 75)
├─Policy [0, 49)
│ ├─PermitKeyword "permit" [0, 6)
│ ├─Whitespace " " [6, 7)
│ ├─OpenParenthesis "(" [7, 8)
│ ├─VariableDefinition [8, 17)
│ │ └─PrincipalKeyword "principal" [8, 17)
│ ├─Comma "," [17, 18)
│ ├─Whitespace " " [18, 19)
│ ├─VariableDefinition [19, 25)
│ │ └─ActionKeyword "action" [19, 25)
│ ├─Comma "," [25, 26)
│ ├─Whitespace " " [26, 27)
│ ├─VariableDefinition [27, 35)
│ │ └─ResourceKeyword "resource" [27, 35)
│ ├─CloseParenthesis ")" [35, 36)
│ ├─Whitespace "\n" [36, 37)
│ └─Condition [37, 49)
│   ├─WhenKeyword "when" [37, 41)
│   ├─Whitespace " " [41, 42)
│   ├─OpenBrace "{" [42, 43)
│   ├─Whitespace " " [43, 44)
│   └─ProductExpression [44, 49)
│     ├─Literal [44, 46)
│     │ ├─Integer "1" [44, 45)
│     │ └─Whitespace " " [45, 46)
│     ├─Divide "/" [46, 47)
│     └─Error [47, 49)
│       ├─Multiply "*" [47, 48)
│       └─Whitespace " " [48, 49)
└─Policy [49, 75)
  └─Error [49, 75)
    ├─Identifier "multi" [49, 54)
    ├─Subtract "-" [54, 55)
    ├─Identifier "line" [55, 59)
    ├─Whitespace "\n" [59, 60)
    ├─Identifier "comment" [60, 67)
    ├─Whitespace " " [67, 68)
    ├─Multiply "*" [68, 69)
    ├─Divide "/" [69, 70)
    ├─Identifier "d" [70, 71)
    ├─Whitespace " " [71, 72)
    ├─CloseBrace "}" [72, 73)
    ├─Semicolon ";" [73, 74)
    └─Whitespace "\n" [74, 75)
