---
source: crates/lowerer/tests/upstream_parser_policy.rs
expression: root
---
policies 0..50
╰─ policy 0..50
   ├─ permit 0..6
   ├─ whitespace 6..7
   ├─ scope 7..37
   │  ├─ ( 7..8
   │  ├─ variable definition 8..17
   │  │  ╰─ principal 8..17
   │  ├─ , 17..18
   │  ├─ whitespace 18..19
   │  ├─ variable definition 19..25
   │  │  ╰─ action 19..25
   │  ├─ , 25..26
   │  ├─ whitespace 26..27
   │  ├─ variable definition 27..35
   │  │  ╰─ resource 27..35
   │  ├─ ) 35..36
   │  ╰─ whitespace 36..37
   ├─ condition 37..48
   │  ├─ when 37..41
   │  ├─ whitespace 41..42
   │  ├─ { 42..43
   │  ├─ whitespace 43..44
   │  ├─ if expression 44..47
   │  │  ├─ if 44..46
   │  │  ╰─ whitespace 46..47
   │  ╰─ } 47..48
   ├─ ; 48..49
   ╰─ whitespace 49..50
