---
source: crates/lowerer/tests/upstream_parser_policy.rs
expression: value
---
error: expected `)`
  ╭▸ error_recovery_3:1:28
  │
1 │ permit (principal, action, !)
  ╰╴                           ━ expected `)`
error: expected `;`
  ╭▸ error_recovery_3:1:28
  │
1 │ permit (principal, action, !)
  ╰╴                           ━ expected `;`
error: unexpected token
  ╭▸ error_recovery_3:1:28
  │
1 │   permit (principal, action, !)
  │ ┏━━━━━━━━━━━━━━━━━━━━━━━━━━━━┛
2 │ ┃ when { principal.foo == resource.bar }
  ╰╴┗━━━━━━━━━━━━━━━━━━━━━━━━━━━━━━━━━━━━━━━┛ unexpected token
error: expected `permit`
  ╭▸ error_recovery_3:2:40
  │
2 │ when { principal.foo == resource.bar }
  ╰╴                                      ━ expected `permit`
error: expected `;`
  ╭▸ error_recovery_3:2:40
  │
2 │ when { principal.foo == resource.bar }
  ╰╴                                      ━ expected `;`
