---
source: crates/lowerer/tests/upstream_parser_policy.rs
expression: value
---
error: expected `;`
  ╭▸ policy_annotation_bad_position:1:36
  │
1 │ permit (@comment("your name here") principal, action, resource);
  ╰╴                                   ━━━━━━━━━ expected `;`
error: unexpected token
  ╭▸ policy_annotation_bad_position:1:36
  │
1 │ permit (@comment("your name here") principal, action, resource);
  ╰╴                                   ━━━━━━━━━━━━━━━━━━━━━━━━━━━━━ unexpected token
error: expected `permit`
  ╭▸ policy_annotation_bad_position:1:66
  │
1 │ permit (@comment("your name here") principal, action, resource);
  ╰╴                                                                ━ expected `permit`
error: expected `;`
  ╭▸ policy_annotation_bad_position:1:66
  │
1 │ permit (@comment("your name here") principal, action, resource);
  ╰╴                                                                ━ expected `;`
error: invalid scope variable
  ╭▸ policy_annotation_bad_position:1:9
  │
1 │ permit (@comment("your name here") principal, action, resource);
  ╰╴        ━━━━━━━━━━━━━━━━━━━━━━━━━ expected `principal`, `action`, or `resource`
