---
source: crates/lowerer/tests/upstream_parser_policy.rs
expression: value
---
error: expected `;`
  ╭▸ error_recovery_3:2:40
  │
2 │ when { principal.foo == resource.bar }
  ╰╴                                      ━ expected `;`
error: invalid scope variable
  ╭▸ error_recovery_3:1:28
  │
1 │ permit (principal, action, !)
  ╰╴                           ━ expected `principal`, `action`, or `resource`
