---
source: crates/lowerer/tests/upstream_parser_policy.rs
expression: value
---
error: unexpected token
  ╭▸ extended_has_21:3:21
  │
3 │     principal has a.1
  ╰╴                    ━
error: missing expression
  ╭▸ extended_has_21:3:19
  │
3 │     principal has a.1
  ╰╴                  ━━ expected an attribute name
