---
source: crates/lowerer/tests/upstream_parser_policy.rs
expression: value
---
Policies 0..69
└─Policy 0..69
  ├─PermitKeyword "permit" 0..6
  ├─Whitespace " " 6..7
  ├─OpenParenthesis "(" 7..8
  ├─VariableDefinition 8..17
  │ └─PrincipalKeyword "principal" 8..17
  ├─Comma "," 17..18
  ├─Whitespace " " 18..19
  ├─VariableDefinition 19..25
  │ └─ActionKeyword "action" 19..25
  ├─Comma "," 25..26
  ├─Whitespace " " 26..27
  ├─VariableDefinition 27..28
  │ └─Not "!" 27..28
  ├─CloseParenthesis ")" 28..29
  ├─Newline "\n" 29..30
  ├─Condition 30..69
  │ ├─WhenKeyword "when" 30..34
  │ ├─Whitespace " " 34..35
  │ ├─OpenBrace "{" 35..36
  │ ├─Whitespace " " 36..37
  │ ├─RelationExpression 37..67
  │ │ ├─MemberExpression 37..51
  │ │ │ ├─Name 37..46
  │ │ │ │ └─PrincipalKeyword "principal" 37..46
  │ │ │ └─Field 46..51
  │ │ │   ├─Dot "." 46..47
  │ │ │   ├─Identifier "foo" 47..50
  │ │ │   └─Whitespace " " 50..51
  │ │ ├─Equal "==" 51..53
  │ │ ├─Whitespace " " 53..54
  │ │ └─MemberExpression 54..67
  │ │   ├─Name 54..62
  │ │   │ └─ResourceKeyword "resource" 54..62
  │ │   └─Field 62..67
  │ │     ├─Dot "." 62..63
  │ │     ├─Identifier "bar" 63..66
  │ │     └─Whitespace " " 66..67
  │ ├─CloseBrace "}" 67..68
  │ └─Newline "\n" 68..69
  └─Semicolon "" 69..69
